// Jest Snapshot v1, https://goo.gl/fbAQLP

exports[`resolver print tree circular refs 1`] = `
Array [
  "#/ref3",
  "#/ref1",
  "#/ref2",
]
`;

exports[`resolver print tree indirect circular refs 1`] = `
Array [
  "custom://obj3/",
  "custom://obj2/",
  "custom://obj1/",
]
`;

exports[`resolver print tree should handle local refs 1`] = `
Array [
  "#/definitions/bear",
]
`;

exports[`resolver print tree should resolve http relative paths + back pointing uri refs 1`] = `undefined`;
